
Start at   2026-04-12 23:44:55.141572
x1r(t)  CV% 104.16428795081526 SD% 93.23636779523359 CV 0.02276391214482746 SD 0.02037574035158473 sig 0.021853854706496166
y1r(t)  CV% 103.41781646272923 SD% 94.46554891133488 CV 0.023293165235479932 SD 0.021276813948639478 sig 0.022523358191259592
z1r(t)  CV% 103.43113698309531 SD% 94.3252015627871 CV 0.023648583033090566 SD 0.021566594222348644 sig 0.022864084958241992
x2r(t)  CV% 102.61045571484723 SD% 92.73074051320478 CV 0.02265870140654064 SD 0.020477037606530003 sig 0.022082253946429008
y2r(t)  CV% 105.21005163963713 SD% 95.76778988431704 CV 0.02479100737684907 SD 0.02256609466953422 sig 0.023563344937575562
z2r(t)  CV% 108.72205477209755 SD% 97.84433956420214 CV 0.02449279924214299 SD 0.02204227809113395 sig 0.02252790318715428
Estim 104.59263392053695
OBJ 5.470581583921687
x1r(t)  CV% 104.13666132175922 SD% 93.29260884686941 CV 0.02275787466145325 SD 0.02038803118929463 sig 0.021853854706496166
y1r(t)  CV% 103.36164452080816 SD% 94.50978854983121 CV 0.023280513427798067 SD 0.02128677820088053 sig 0.022523358191259592
z1r(t)  CV% 103.42782549411666 SD% 94.407566055424 CV 0.023647825891437105 SD 0.02158542610992057 sig 0.022864084958241992
x2r(t)  CV% 102.60454804735065 SD% 92.8020328044776 CV 0.022657396860401732 SD 0.0204927805513331 sig 0.022082253946429008
y2r(t)  CV% 105.17037187920238 SD% 95.81757150262561 CV 0.024781657498027427 SD 0.022577824883971778 sig 0.023563344937575562
z2r(t)  CV% 108.65485946438783 SD% 97.88206546269024 CV 0.02447766154827583 SD 0.022050776945021833 sig 0.02252790318715428
Estim 104.55931845460415
OBJ 5.476658838983717
x1r(t)  CV% 104.1094552189413 SD% 93.34786155441861 CV 0.02275192907927212 SD 0.020400106035723835 sig 0.021853854706496166
y1r(t)  CV% 103.30692875604954 SD% 94.55321233505435 CV 0.023268189600114394 SD 0.02129655869556654 sig 0.022523358191259592
z1r(t)  CV% 103.42474494536364 SD% 94.48848894896224 CV 0.023647121552153035 SD 0.021603928389049825 sig 0.022864084958241992
x2r(t)  CV% 102.59838971897936 SD% 92.87162132733833 CV 0.022656036962691934 SD 0.020508147265668773 sig 0.022082253946429008
y2r(t)  CV% 105.13123575267566 SD% 95.86618837948521 CV 0.02477243571753873 SD 0.02258928064636408 sig 0.023563344937575562
z2r(t)  CV% 108.58864021295982 SD% 97.91865083278263 CV 0.02446274373942287 SD 0.02205901886177691 sig 0.02252790318715428
Estim 104.5265657674949
OBJ 5.482605565703659
x1r(t)  CV% 104.03033697331439 SD% 93.50802983967245 CV 0.02273463869282649 SD 0.020435108980069096 sig 0.021853854706496166
y1r(t)  CV% 103.15123666176204 SD% 94.67893799418076 CV 0.02323312251204255 SD 0.0213248763361099 sig 0.022523358191259592
z1r(t)  CV% 103.4168147640078 SD% 94.72302149061635 CV 0.02364530838875049 SD 0.021657552108628342 sig 0.022864084958241992
x2r(t)  CV% 102.57833940846916 SD% 93.07061010568269 CV 0.022651609402208023 SD 0.020552088473027672 sig 0.022082253946429008
y2r(t)  CV% 105.01717868530578 SD% 96.00558687820904 CV 0.02474556005732868 SD 0.02262212759545618 sig 0.023563344937575562
z2r(t)  CV% 108.39571995568829 SD% 98.0220307181912 CV 0.02441928285063633 SD 0.022082308182276744 sig 0.02252790318715428
Estim 104.43160440809125
OBJ 5.499704125073916
x1r(t)  CV% 103.81482827362242 SD% 93.9450612519298 CV 0.02268754173471595 SD 0.020530617189925566 sig 0.021853854706496166
y1r(t)  CV% 102.75460645582764 SD% 95.02251278450935 CV 0.02314378807006521 SD 0.021402260916790476 sig 0.022523358191259592
z1r(t)  CV% 103.40215760170202 SD% 95.35987876820296 CV 0.02364195716270843 SD 0.021803163697638493 sig 0.022864084958241992
x2r(t)  CV% 102.50369018732697 SD% 93.58969604598047 CV 0.022635125171626375 SD 0.020666714348564437 sig 0.022082253946429008
y2r(t)  CV% 104.70652048550232 SD% 96.37615085301951 CV 0.024672358594132134 SD 0.022709444863055157 sig 0.023563344937575562
z2r(t)  CV% 107.86535978183403 SD% 98.28377422783831 CV 0.02429980382412722 SD 0.022141273506728704 sig 0.02252790318715428
Estim 104.17452713096924
OBJ 5.545171895884195
x1r(t)  CV% 103.5973605244335 SD% 94.40269336607294 CV 0.02264001664877471 SD 0.020630627447240674 sig 0.021853854706496166
y1r(t)  CV% 102.40149686352696 SD% 95.3884151578525 CV 0.02306425593178363 SD 0.02148467441896888 sig 0.022523358191259592
z1r(t)  CV% 103.39177418931094 SD% 96.00938913203788 CV 0.02363958309047777 SD 0.021951668299038295 sig 0.022864084958241992
x2r(t)  CV% 102.3893361471002 SD% 94.09045288857656 CV 0.022609873222065497 SD 0.020777292746200625 sig 0.022082253946429008
y2r(t)  CV% 104.39648915024145 SD% 96.75243015146062 CV 0.02459930484119004 SD 0.022798108852075526 sig 0.023563344937575562
z2r(t)  CV% 107.31250015257807 SD% 98.52493540927823 CV 0.024175256142087577 SD 0.022195602064208484 sig 0.02252790318715428
Estim 103.91482617119851
OBJ 5.590531214693296
x1r(t)  CV% 103.39307943878397 SD% 94.88679334912727 CV 0.022595373357124013 SD 0.020736421954171542 sig 0.021853854706496166
y1r(t)  CV% 102.1233474971242 SD% 95.78739234464314 CV 0.023001607353682018 SD 0.021574537479851143 sig 0.022523358191259592
z1r(t)  CV% 103.3715948810616 SD% 96.64872076188445 CV 0.023634969276295655 SD 0.022097845626051327 sig 0.022864084958241992
x2r(t)  CV% 102.23070973788705 SD% 94.56923556638822 CV 0.022574844935556948 SD 0.02088301875296651 sig 0.022082253946429008
y2r(t)  CV% 104.10515920974872 SD% 97.13593547236054 CV 0.024530657762405303 SD 0.022888475533693133 sig 0.023563344937575562
z2r(t)  CV% 106.74557538044319 SD% 98.74048278294127 CV 0.024047539878277034 SD 0.02224416036786975 sig 0.02252790318715428
Estim 103.66157769084145
OBJ 5.635159040783126